exports[`Clock component renders correctly 1`] = `
<div
  className="clock">
  <span
    className="clock-text">
    00:00
  </span>
</div>
`;
