exports[`Clock component renders correctly 1`] = `
<div>
  This is my clock
</div>
`;
